<?xml version="1.0" encoding="UTF-8"?>
<urlset xmlns="http://www.sitemaps.org/schemas/sitemap/0.9" xmlns:xhtml="http://www.w3.org/1999/xhtml">
  <url>
    <loc>https://localhost/services-shop/project</loc>
    <lastmod>2016-01-01T00:00:00+00:00</lastmod>
    <changefreq>monthly</changefreq>
    <priority>0.1</priority>
  </url>
  <url>
    <loc>https://localhost/services-shop/videocall</loc>
    <lastmod>2016-01-01T00:00:00+00:00</lastmod>
    <changefreq>monthly</changefreq>
    <priority>0.1</priority>
  </url>
  <url>
    <loc>https://localhost/services-shop/editorial</loc>
    <lastmod>2016-01-01T00:00:00+00:00</lastmod>
    <changefreq>monthly</changefreq>
    <priority>0.1</priority>
  </url>
  <url>
    <loc>https://localhost/services-shop/planner-2021-printable</loc>
    <lastmod>2016-01-01T00:00:00+00:00</lastmod>
    <changefreq>monthly</changefreq>
    <priority>0.1</priority>
  </url>
</urlset>
