<?xml version="1.0" encoding="UTF-8"?>
<urlset xmlns="http://www.sitemaps.org/schemas/sitemap/0.9" xmlns:xhtml="http://www.w3.org/1999/xhtml">
  <url>
    <loc>https://localhost</loc>
    <lastmod>2016-01-01T00:00:00+00:00</lastmod>
    <changefreq>monthly</changefreq>
    <priority>0.1</priority>
  </url>
  <url>
    <loc>https://localhost/blog</loc>
    <lastmod>2016-01-01T00:00:00+00:00</lastmod>
    <changefreq>monthly</changefreq>
    <priority>0.1</priority>
  </url>
  <url>
    <loc>https://localhost/services-shop</loc>
    <lastmod>2016-01-01T00:00:00+00:00</lastmod>
    <changefreq>monthly</changefreq>
    <priority>0.1</priority>
  </url>
  <url>
    <loc>https://localhost/about</loc>
    <lastmod>2016-01-01T00:00:00+00:00</lastmod>
    <changefreq>monthly</changefreq>
    <priority>0.1</priority>
  </url>
  <url>
    <loc>https://localhost/contact</loc>
    <lastmod>2016-01-01T00:00:00+00:00</lastmod>
    <changefreq>monthly</changefreq>
    <priority>0.1</priority>
  </url>
  <url>
    <loc>https://localhost/biophilic-design-guide</loc>
    <lastmod>2016-01-01T00:00:00+00:00</lastmod>
    <changefreq>monthly</changefreq>
    <priority>0.1</priority>
  </url>
  <url>
    <loc>https://localhost/ethical-manifesto</loc>
    <lastmod>2016-01-01T00:00:00+00:00</lastmod>
    <changefreq>monthly</changefreq>
    <priority>0.1</priority>
  </url>
  <url>
    <loc>https://localhost/press</loc>
    <lastmod>2016-01-01T00:00:00+00:00</lastmod>
    <changefreq>monthly</changefreq>
    <priority>0.1</priority>
  </url>
  <url>
    <loc>https://localhost/privacy-policy</loc>
    <lastmod>2016-01-01T00:00:00+00:00</lastmod>
    <changefreq>monthly</changefreq>
    <priority>0.1</priority>
  </url>
  <url>
    <loc>https://localhost/cookie-policy</loc>
    <lastmod>2016-01-01T00:00:00+00:00</lastmod>
    <changefreq>monthly</changefreq>
    <priority>0.1</priority>
  </url>
  <url>
    <loc>https://localhost/terms-of-service</loc>
    <lastmod>2016-01-01T00:00:00+00:00</lastmod>
    <changefreq>monthly</changefreq>
    <priority>0.1</priority>
  </url>
</urlset>
