<!DOCTYPE html>
<html lang="en">
    <head>
        <meta charset="utf-8">
        <meta name="viewport" content="width=device-width, initial-scale=1">
        <title>My Title &middot; Laravel</title>
<meta name="description" content="Something to say">

                    <meta property="og:title" content="My Title &middot; Laravel">
<meta property="og:description" content="Something to say">
<meta property="og:locale" content="en">
<meta property="og:type" content="website">
<meta property="og:image" content="http://localhost/storage/1/conversions/photo1-meta.jpg">
<meta property="og:image:height" content="600">
<meta property="og:image:width" content="1200">

        
                    <meta name="twitter:card" content="summary">
<meta name="twitter:site" content="@dfordesignstyle">
<meta name="twitter:title" content="My Title &middot; Laravel">
<meta name="twitter:description" content="Something to say">
<meta name="twitter:images0" content="http://localhost/storage/1/conversions/photo1-meta.jpg">
        
                    
        
        <!-- Fonts -->
        <!-- Favicon -->
        <!-- Styles -->
        <!-- Scripts -->
    </head>
    <body>
    <p>Something to say</p>

    </body>
</html>
