<?xml version="1.0" encoding="UTF-8"?>
<urlset xmlns="http://www.sitemaps.org/schemas/sitemap/0.9" xmlns:xhtml="http://www.w3.org/1999/xhtml" xmlns:image="http://www.google.com/schemas/sitemap-image/1.1">
  <url>
    <loc>http://website.com/blog/article-1</loc>
    <lastmod>2016-01-01T00:00:00+00:00</lastmod>
    <changefreq>yearly</changefreq>
    <priority>0.9</priority>
    <image:image>
      <image:loc>http://website.com/storage/1/photo1.jpg</image:loc>
      <image:caption>caption text</image:caption>
      <image:title>alternative text</image:title>
    </image:image>
  </url>
  <url>
    <loc>http://website.com/blog/article-2</loc>
    <lastmod>2016-01-01T00:00:00+00:00</lastmod>
    <changefreq>yearly</changefreq>
    <priority>0.9</priority>
    <image:image>
      <image:loc>http://website.com/storage/2/photo1.jpg</image:loc>
      <image:caption>caption text</image:caption>
      <image:title>alternative text</image:title>
    </image:image>
  </url>
  <url>
    <loc>http://website.com/blog/article-3</loc>
    <lastmod>2016-01-01T00:00:00+00:00</lastmod>
    <changefreq>yearly</changefreq>
    <priority>0.9</priority>
    <image:image>
      <image:loc>http://website.com/storage/3/photo1.jpg</image:loc>
      <image:caption>caption text</image:caption>
      <image:title>alternative text</image:title>
    </image:image>
  </url>
</urlset>
