<!DOCTYPE html>
<html lang="en">
    <head>
        <meta charset="utf-8">
        <meta name="viewport" content="width=device-width, initial-scale=1">
        <title>About &middot; Laravel</title>
<meta name="description" content="About me paragraph with some bold and italic text">

                    <meta property="og:title" content="About &middot; Laravel">
<meta property="og:description" content="About me paragraph with some bold and italic text">
<meta property="og:locale" content="en">
<meta property="og:type" content="website">
<meta property="og:image" content="http://localhost/storage/1/conversions/photo1-meta.jpg">
<meta property="og:image:height" content="600">
<meta property="og:image:width" content="1200">

        
                    <meta name="twitter:card" content="summary">
<meta name="twitter:site" content="@username">
<meta name="twitter:title" content="About &middot; Laravel">
<meta name="twitter:description" content="About me paragraph with some bold and italic text">
<meta name="twitter:images0" content="http://localhost/storage/1/conversions/photo1-meta.jpg">
        
                    
        
        <!-- Fonts -->
        <!-- Favicon -->
        <!-- Styles -->
        <!-- Scripts -->
    </head>
    <body>
    <h2>About me</h2>
<p>paragraph with some <strong>bold</strong> and <em>italic</em> text</p>

    </body>
</html>
