<!DOCTYPE html PUBLIC "-//W3C//DTD HTML 4.0 Transitional//EN" "http://www.w3.org/TR/REC-html40/loose.dtd">
<html><body>
<h2>Title</h2>
<p>this is a paragraph with <strong>bold</strong> text and <em>italic</em>.</p>
</body></html>
